// Jest Snapshot v1, https://goo.gl/fbAQLP

exports[`Plan Wizard integration test should mount the PlanWizard with mapStateToProps reduced 1`] = `
Object {
  "hidePlanWizard": false,
  "hidePlanWizardAction": [Function],
  "planWizardExitedAction": [Function],
}
`;
