// Jest Snapshot v1, https://goo.gl/fbAQLP

exports[`NotificationList Component correctly empty renders 1`] = `
<NotificationList
  notifications={Array []}
>
  <ToastNotificationList
    className=""
    onMouseEnter={[Function]}
    onMouseLeave={[Function]}
    onMouseOver={[Function]}
  >
    <div
      className="toast-notifications-list-pf"
      onFocus={[Function]}
      onMouseEnter={[Function]}
      onMouseLeave={[Function]}
      onMouseOver={[Function]}
    />
  </ToastNotificationList>
</NotificationList>
`;
