// Jest Snapshot v1, https://goo.gl/fbAQLP

exports[`GeneralSettings component renders the general settings page 1`] = `
<Spinner
  className=""
  inline={false}
  inverse={false}
  loading={false}
  size="md"
  style={
    Object {
      "marginTop": 15,
    }
  }
>
  <div
    className="migration-settings"
  >
    <Form
      bsClass="form"
      className="form-vertical"
      componentClass="form"
      horizontal={false}
      inline={false}
      style={
        Object {
          "padding": "0 20px",
        }
      }
    >
      <div>
        <h3>
          Concurrent Migrations
        </h3>
      </div>
      <FormGroup
        bsClass="form-group"
      >
        <ControlLabel
          bsClass="control-label"
          srOnly={false}
        >
          <span
            className="pull-left"
          >
            Maximum concurrent migrations per conversion host
            <OverlayTrigger
              defaultOverlayShown={false}
              overlay={
                <Popover
                  bsClass="popover"
                  id="maximum_concurrect_migrations_per_host_popover"
                  placement="right"
                >
                  For VDDK transformations, the maximum concurrent migrations per conversion host should not exceed 20, to avoid network overload.
                </Popover>
              }
              placement="top"
              rootClose={true}
              trigger="click"
            >
              <Button
                active={false}
                block={false}
                bsClass="btn"
                bsStyle="link"
                disabled={false}
                style={
                  Object {
                    "paddingBottom": 0,
                    "paddingTop": 0,
                  }
                }
              >
                <Icon
                  name="info"
                  type="pf"
                />
              </Button>
            </OverlayTrigger>
          </span>
        </ControlLabel>
        <div
          style={
            Object {
              "width": 150,
            }
          }
        >
          <Field
            component={[Function]}
            id="max_concurrent_tasks_per_host"
            min={1}
            name="max_concurrent_tasks_per_host"
            normalize={[Function]}
            onChange={[Function]}
          />
        </div>
      </FormGroup>
      <FormGroup
        bsClass="form-group"
      >
        <ControlLabel
          bsClass="control-label"
          srOnly={false}
        >
          <div
            className="pull-left"
          >
            Maximum concurrent migrations per provider
          </div>
        </ControlLabel>
        <div
          style={
            Object {
              "width": 150,
            }
          }
        >
          <Field
            component={[Function]}
            id="max_concurrent_tasks_per_ems"
            min={1}
            name="max_concurrent_tasks_per_ems"
            normalize={[Function]}
            onChange={[Function]}
          />
        </div>
      </FormGroup>
      <FormGroup
        bsClass="form-group"
        style={
          Object {
            "marginTop": "40px",
          }
        }
      >
        <Button
          active={false}
          block={false}
          bsClass="btn"
          bsStyle="primary"
          disabled={true}
          onClick={[Function]}
        >
          Apply
        </Button>
      </FormGroup>
    </Form>
  </div>
</Spinner>
`;
