// Jest Snapshot v1, https://goo.gl/fbAQLP

exports[`Active ActiveMigrations integration test should mount the ActiveMigrations with mapStateToProps reduced 1`] = `Object {}`;
