// Jest Snapshot v1, https://goo.gl/fbAQLP

exports[`MigrationsInProgressCard component renders the ActiveMigrations 1`] = `
<div
  className="card-pf card-pf-multi-card-container"
>
  <div
    className="card-pf-body"
  >
    <Grid
      bsClass="container"
      componentClass="div"
      fluid={true}
    >
      <Row
        bsClass="row"
        componentClass="div"
      >
        <MigrationInProgressCard
          key="14"
          migration={
            Object {
              "description": "Migration Plan Number 1",
              "href": "http://localhost:3000/api/service_requests/14",
              "id": "14",
              "miq_request_tasks": Array [
                Object {
                  "created_on": "2018-01-19T21:16:01Z",
                  "description": "Provisioning [vmmigrate] for Service [vmmigrate]",
                  "destination_id": null,
                  "destination_type": null,
                  "href": "http://localhost:3000/api/request_tasks/19",
                  "id": "19",
                  "message": "Service_Template_Provisioning completed",
                  "miq_request_id": "14",
                  "miq_request_task_id": "18",
                  "options": Object {
                    "cart_state": "ordered",
                    "delivered_on": "2018-01-30T21:12:34.808Z",
                    "progress": Object {
                      "current_description": "Initiate Disks Sysprep",
                      "current_state": "/State5/State3",
                      "percent": 61.362500000000026,
                      "states": Object {},
                    },
                    "src_id": "6",
                  },
                  "phase": null,
                  "phase_context": Object {},
                  "request_type": "clone_to_service",
                  "source_id": "6",
                  "source_type": "VmOrTemplate",
                  "state": "finished",
                  "status": "Ok",
                  "tenant_id": "1",
                  "type": "ServiceTemplateTransformationPlanTask",
                  "updated_on": "2018-01-19T21:44:27Z",
                  "userid": "admin",
                },
                Object {
                  "created_on": "2018-01-19T21:16:01Z",
                  "description": "Provisioning [vmmigrate] for Service [vmmigrate]",
                  "destination_id": null,
                  "destination_type": null,
                  "href": "http://localhost:3000/api/request_tasks/19",
                  "id": "19",
                  "message": "Service_Template_Provisioning completed",
                  "miq_request_id": "14",
                  "miq_request_task_id": "18",
                  "options": Object {
                    "cart_state": "ordered",
                    "delivered_on": "2018-01-30T21:12:34.808Z",
                    "progress": Object {
                      "current_description": "Initiate Disks Sysprep",
                      "current_state": "/State5/State3",
                      "percent": 61.362500000000026,
                      "states": Object {},
                    },
                    "src_id": "6",
                  },
                  "phase": null,
                  "phase_context": Object {},
                  "request_type": "clone_to_service",
                  "source_id": "6",
                  "source_type": "VmOrTemplate",
                  "state": "finished",
                  "status": "Ok",
                  "tenant_id": "1",
                  "type": "ServiceTemplateTransformationPlanTask",
                  "updated_on": "2018-01-19T21:44:27Z",
                  "userid": "admin",
                },
                Object {
                  "created_on": "2018-01-19T21:16:01Z",
                  "description": "Provisioning [vmmigrate] for Service [vmmigrate]",
                  "destination_id": null,
                  "destination_type": null,
                  "href": "http://localhost:3000/api/request_tasks/19",
                  "id": "19",
                  "message": "Service_Template_Provisioning completed",
                  "miq_request_id": "14",
                  "miq_request_task_id": "18",
                  "options": Object {
                    "cart_state": "ordered",
                    "delivered_on": "2018-01-30T21:12:34.808Z",
                    "progress": Object {
                      "current_description": "Initiate Disks Sysprep",
                      "current_state": "/State5/State3",
                      "percent": 61.362500000000026,
                      "states": Object {},
                    },
                    "src_id": "6",
                  },
                  "phase": null,
                  "phase_context": Object {},
                  "request_type": "clone_to_service",
                  "source_id": "6",
                  "source_type": "VmOrTemplate",
                  "state": "active",
                  "status": "Ok",
                  "tenant_id": "1",
                  "type": "ServiceTemplateTransformationPlanTask",
                  "updated_on": "2018-01-19T21:44:27Z",
                  "userid": "admin",
                },
                Object {
                  "created_on": "2018-01-19T21:16:01Z",
                  "description": "Provisioning [vmmigrate] for Service [vmmigrate]",
                  "destination_id": null,
                  "destination_type": null,
                  "href": "http://localhost:3000/api/request_tasks/19",
                  "id": "19",
                  "message": "Service_Template_Provisioning completed",
                  "miq_request_id": "14",
                  "miq_request_task_id": "18",
                  "options": Object {
                    "cart_state": "ordered",
                    "delivered_on": "2018-01-30T21:12:34.808Z",
                    "progress": Object {
                      "current_description": "Initiate Disks Sysprep",
                      "current_state": "/State5/State3",
                      "percent": 61.362500000000026,
                      "states": Object {},
                    },
                    "src_id": "6",
                  },
                  "phase": null,
                  "phase_context": Object {},
                  "request_type": "clone_to_service",
                  "source_id": "6",
                  "source_type": "VmOrTemplate",
                  "state": "active",
                  "status": "Ok",
                  "tenant_id": "1",
                  "type": "ServiceTemplateTransformationPlanTask",
                  "updated_on": "2018-01-19T21:44:27Z",
                  "userid": "admin",
                },
                Object {
                  "created_on": "2018-01-19T21:16:01Z",
                  "description": "Provisioning [vmmigrate] for Service [vmmigrate]",
                  "destination_id": null,
                  "destination_type": null,
                  "href": "http://localhost:3000/api/request_tasks/19",
                  "id": "19",
                  "message": "Service_Template_Provisioning completed",
                  "miq_request_id": "14",
                  "miq_request_task_id": "18",
                  "options": Object {
                    "cart_state": "ordered",
                    "delivered_on": "2018-01-30T21:12:34.808Z",
                    "progress": Object {
                      "current_description": "Initiate Disks Sysprep",
                      "current_state": "/State5/State3",
                      "percent": 61.362500000000026,
                      "states": Object {},
                    },
                    "src_id": "6",
                  },
                  "phase": null,
                  "phase_context": Object {},
                  "request_type": "clone_to_service",
                  "source_id": "6",
                  "source_type": "VmOrTemplate",
                  "state": "active",
                  "status": "Ok",
                  "tenant_id": "1",
                  "type": "ServiceTemplateTransformationPlanTask",
                  "updated_on": "2018-01-19T21:44:27Z",
                  "userid": "admin",
                },
              ],
              "options": Object {
                "cart_state": "ordered",
                "delivered_on": "2018-01-19T21:16:00.967Z",
                "initiator": null,
                "requester_group": "EvmGroup-super_administrator",
                "src_id": "4",
                "user_message": "[EVM] Service [vmmigrate] Provisioned Successfully",
              },
              "state": "active",
              "status": "Ok",
            }
          }
        />
        <MigrationInProgressCard
          key="15"
          migration={
            Object {
              "description": "Migration Plan Number 2",
              "href": "http://localhost:3000/api/service_requests/14",
              "id": "15",
              "miq_request_tasks": Array [
                Object {
                  "created_on": "2018-01-19T21:16:01Z",
                  "description": "Provisioning [vmmigrate] for Service [vmmigrate]",
                  "destination_id": null,
                  "destination_type": null,
                  "href": "http://localhost:3000/api/request_tasks/19",
                  "id": "19",
                  "message": "Service_Template_Provisioning completed",
                  "miq_request_id": "14",
                  "miq_request_task_id": "18",
                  "options": Object {
                    "cart_state": "ordered",
                    "delivered_on": "2018-01-30T21:12:34.808Z",
                    "progress": Object {
                      "current_description": "Initiate Disks Sysprep",
                      "current_state": "/State5/State3",
                      "percent": 61.362500000000026,
                      "states": Object {},
                    },
                    "src_id": "6",
                  },
                  "phase": null,
                  "phase_context": Object {},
                  "request_type": "clone_to_service",
                  "source_id": "6",
                  "source_type": "VmOrTemplate",
                  "state": "finished",
                  "status": "Ok",
                  "tenant_id": "1",
                  "type": "ServiceTemplateTransformationPlanTask",
                  "updated_on": "2018-01-19T21:44:27Z",
                  "userid": "admin",
                },
                Object {
                  "created_on": "2018-01-19T21:16:01Z",
                  "description": "Provisioning [vmmigrate] for Service [vmmigrate]",
                  "destination_id": null,
                  "destination_type": null,
                  "href": "http://localhost:3000/api/request_tasks/19",
                  "id": "19",
                  "message": "Service_Template_Provisioning completed",
                  "miq_request_id": "14",
                  "miq_request_task_id": "18",
                  "options": Object {
                    "cart_state": "ordered",
                    "delivered_on": "2018-01-30T21:12:34.808Z",
                    "progress": Object {
                      "current_description": "Initiate Disks Sysprep",
                      "current_state": "/State5/State3",
                      "percent": 61.362500000000026,
                      "states": Object {},
                    },
                    "src_id": "6",
                  },
                  "phase": null,
                  "phase_context": Object {},
                  "request_type": "clone_to_service",
                  "source_id": "6",
                  "source_type": "VmOrTemplate",
                  "state": "finished",
                  "status": "Ok",
                  "tenant_id": "1",
                  "type": "ServiceTemplateTransformationPlanTask",
                  "updated_on": "2018-01-19T21:44:27Z",
                  "userid": "admin",
                },
                Object {
                  "created_on": "2018-01-19T21:16:01Z",
                  "description": "Provisioning [vmmigrate] for Service [vmmigrate]",
                  "destination_id": null,
                  "destination_type": null,
                  "href": "http://localhost:3000/api/request_tasks/19",
                  "id": "19",
                  "message": "Service_Template_Provisioning completed",
                  "miq_request_id": "14",
                  "miq_request_task_id": "18",
                  "options": Object {
                    "cart_state": "ordered",
                    "delivered_on": "2018-01-30T21:12:34.808Z",
                    "progress": Object {
                      "current_description": "Initiate Disks Sysprep",
                      "current_state": "/State5/State3",
                      "percent": 61.362500000000026,
                      "states": Object {},
                    },
                    "src_id": "6",
                  },
                  "phase": null,
                  "phase_context": Object {},
                  "request_type": "clone_to_service",
                  "source_id": "6",
                  "source_type": "VmOrTemplate",
                  "state": "finished",
                  "status": "Ok",
                  "tenant_id": "1",
                  "type": "ServiceTemplateTransformationPlanTask",
                  "updated_on": "2018-01-19T21:44:27Z",
                  "userid": "admin",
                },
                Object {
                  "created_on": "2018-01-19T21:16:01Z",
                  "description": "Provisioning [vmmigrate] for Service [vmmigrate]",
                  "destination_id": null,
                  "destination_type": null,
                  "href": "http://localhost:3000/api/request_tasks/19",
                  "id": "19",
                  "message": "Service_Template_Provisioning completed",
                  "miq_request_id": "14",
                  "miq_request_task_id": "18",
                  "options": Object {
                    "cart_state": "ordered",
                    "delivered_on": "2018-01-30T21:12:34.808Z",
                    "progress": Object {
                      "current_description": "Initiate Disks Sysprep",
                      "current_state": "/State5/State3",
                      "percent": 61.362500000000026,
                      "states": Object {},
                    },
                    "src_id": "6",
                  },
                  "phase": null,
                  "phase_context": Object {},
                  "request_type": "clone_to_service",
                  "source_id": "6",
                  "source_type": "VmOrTemplate",
                  "state": "finished",
                  "status": "Ok",
                  "tenant_id": "1",
                  "type": "ServiceTemplateTransformationPlanTask",
                  "updated_on": "2018-01-19T21:44:27Z",
                  "userid": "admin",
                },
                Object {
                  "created_on": "2018-01-19T21:16:01Z",
                  "description": "Provisioning [vmmigrate] for Service [vmmigrate]",
                  "destination_id": null,
                  "destination_type": null,
                  "href": "http://localhost:3000/api/request_tasks/19",
                  "id": "19",
                  "message": "Service_Template_Provisioning completed",
                  "miq_request_id": "14",
                  "miq_request_task_id": "18",
                  "options": Object {
                    "cart_state": "ordered",
                    "delivered_on": "2018-01-30T21:12:34.808Z",
                    "progress": Object {
                      "current_description": "Initiate Disks Sysprep",
                      "current_state": "/State5/State3",
                      "percent": 61.362500000000026,
                      "states": Object {},
                    },
                    "src_id": "6",
                  },
                  "phase": null,
                  "phase_context": Object {},
                  "request_type": "clone_to_service",
                  "source_id": "6",
                  "source_type": "VmOrTemplate",
                  "state": "finished",
                  "status": "Ok",
                  "tenant_id": "1",
                  "type": "ServiceTemplateTransformationPlanTask",
                  "updated_on": "2018-01-19T21:44:27Z",
                  "userid": "admin",
                },
                Object {
                  "created_on": "2018-01-19T21:16:01Z",
                  "description": "Provisioning [vmmigrate] for Service [vmmigrate]",
                  "destination_id": null,
                  "destination_type": null,
                  "href": "http://localhost:3000/api/request_tasks/19",
                  "id": "19",
                  "message": "Service_Template_Provisioning completed",
                  "miq_request_id": "14",
                  "miq_request_task_id": "18",
                  "options": Object {
                    "cart_state": "ordered",
                    "delivered_on": "2018-01-30T21:12:34.808Z",
                    "progress": Object {
                      "current_description": "Initiate Disks Sysprep",
                      "current_state": "/State5/State3",
                      "percent": 61.362500000000026,
                      "states": Object {},
                    },
                    "src_id": "6",
                  },
                  "phase": null,
                  "phase_context": Object {},
                  "request_type": "clone_to_service",
                  "source_id": "6",
                  "source_type": "VmOrTemplate",
                  "state": "finished",
                  "status": "Ok",
                  "tenant_id": "1",
                  "type": "ServiceTemplateTransformationPlanTask",
                  "updated_on": "2018-01-19T21:44:27Z",
                  "userid": "admin",
                },
                Object {
                  "created_on": "2018-01-19T21:16:01Z",
                  "description": "Provisioning [vmmigrate] for Service [vmmigrate]",
                  "destination_id": null,
                  "destination_type": null,
                  "href": "http://localhost:3000/api/request_tasks/19",
                  "id": "19",
                  "message": "Service_Template_Provisioning completed",
                  "miq_request_id": "14",
                  "miq_request_task_id": "18",
                  "options": Object {
                    "cart_state": "ordered",
                    "delivered_on": "2018-01-30T21:12:34.808Z",
                    "progress": Object {
                      "current_description": "Initiate Disks Sysprep",
                      "current_state": "/State5/State3",
                      "percent": 61.362500000000026,
                      "states": Object {},
                    },
                    "src_id": "6",
                  },
                  "phase": null,
                  "phase_context": Object {},
                  "request_type": "clone_to_service",
                  "source_id": "6",
                  "source_type": "VmOrTemplate",
                  "state": "finished",
                  "status": "Ok",
                  "tenant_id": "1",
                  "type": "ServiceTemplateTransformationPlanTask",
                  "updated_on": "2018-01-19T21:44:27Z",
                  "userid": "admin",
                },
                Object {
                  "created_on": "2018-01-19T21:16:01Z",
                  "description": "Provisioning [vmmigrate] for Service [vmmigrate]",
                  "destination_id": null,
                  "destination_type": null,
                  "href": "http://localhost:3000/api/request_tasks/19",
                  "id": "19",
                  "message": "Service_Template_Provisioning completed",
                  "miq_request_id": "14",
                  "miq_request_task_id": "18",
                  "options": Object {
                    "cart_state": "ordered",
                    "delivered_on": "2018-01-30T21:12:34.808Z",
                    "progress": Object {
                      "current_description": "Initiate Disks Sysprep",
                      "current_state": "/State5/State3",
                      "percent": 61.362500000000026,
                      "states": Object {},
                    },
                    "src_id": "6",
                  },
                  "phase": null,
                  "phase_context": Object {},
                  "request_type": "clone_to_service",
                  "source_id": "6",
                  "source_type": "VmOrTemplate",
                  "state": "finished",
                  "status": "Ok",
                  "tenant_id": "1",
                  "type": "ServiceTemplateTransformationPlanTask",
                  "updated_on": "2018-01-19T21:44:27Z",
                  "userid": "admin",
                },
                Object {
                  "created_on": "2018-01-19T21:16:01Z",
                  "description": "Provisioning [vmmigrate] for Service [vmmigrate]",
                  "destination_id": null,
                  "destination_type": null,
                  "href": "http://localhost:3000/api/request_tasks/19",
                  "id": "19",
                  "message": "Service_Template_Provisioning completed",
                  "miq_request_id": "14",
                  "miq_request_task_id": "18",
                  "options": Object {
                    "cart_state": "ordered",
                    "delivered_on": "2018-01-30T21:12:34.808Z",
                    "progress": Object {
                      "current_description": "Initiate Disks Sysprep",
                      "current_state": "/State5/State3",
                      "percent": 61.362500000000026,
                      "states": Object {},
                    },
                    "src_id": "6",
                  },
                  "phase": null,
                  "phase_context": Object {},
                  "request_type": "clone_to_service",
                  "source_id": "6",
                  "source_type": "VmOrTemplate",
                  "state": "finished",
                  "status": "Ok",
                  "tenant_id": "1",
                  "type": "ServiceTemplateTransformationPlanTask",
                  "updated_on": "2018-01-19T21:44:27Z",
                  "userid": "admin",
                },
                Object {
                  "created_on": "2018-01-19T21:16:01Z",
                  "description": "Provisioning [vmmigrate] for Service [vmmigrate]",
                  "destination_id": null,
                  "destination_type": null,
                  "href": "http://localhost:3000/api/request_tasks/19",
                  "id": "19",
                  "message": "Service_Template_Provisioning completed",
                  "miq_request_id": "14",
                  "miq_request_task_id": "18",
                  "options": Object {
                    "cart_state": "ordered",
                    "delivered_on": "2018-01-30T21:12:34.808Z",
                    "progress": Object {
                      "current_description": "Initiate Disks Sysprep",
                      "current_state": "/State5/State3",
                      "percent": 61.362500000000026,
                      "states": Object {},
                    },
                    "src_id": "6",
                  },
                  "phase": null,
                  "phase_context": Object {},
                  "request_type": "clone_to_service",
                  "source_id": "6",
                  "source_type": "VmOrTemplate",
                  "state": "finished",
                  "status": "Ok",
                  "tenant_id": "1",
                  "type": "ServiceTemplateTransformationPlanTask",
                  "updated_on": "2018-01-19T21:44:27Z",
                  "userid": "admin",
                },
                Object {
                  "created_on": "2018-01-19T21:16:01Z",
                  "description": "Provisioning [vmmigrate] for Service [vmmigrate]",
                  "destination_id": null,
                  "destination_type": null,
                  "href": "http://localhost:3000/api/request_tasks/19",
                  "id": "19",
                  "message": "Service_Template_Provisioning completed",
                  "miq_request_id": "14",
                  "miq_request_task_id": "18",
                  "options": Object {
                    "cart_state": "ordered",
                    "delivered_on": "2018-01-30T21:12:34.808Z",
                    "progress": Object {
                      "current_description": "Initiate Disks Sysprep",
                      "current_state": "/State5/State3",
                      "percent": 61.362500000000026,
                      "states": Object {},
                    },
                    "src_id": "6",
                  },
                  "phase": null,
                  "phase_context": Object {},
                  "request_type": "clone_to_service",
                  "source_id": "6",
                  "source_type": "VmOrTemplate",
                  "state": "active",
                  "status": "Ok",
                  "tenant_id": "1",
                  "type": "ServiceTemplateTransformationPlanTask",
                  "updated_on": "2018-01-19T21:44:27Z",
                  "userid": "admin",
                },
                Object {
                  "created_on": "2018-01-19T21:16:01Z",
                  "description": "Provisioning [vmmigrate] for Service [vmmigrate]",
                  "destination_id": null,
                  "destination_type": null,
                  "href": "http://localhost:3000/api/request_tasks/19",
                  "id": "19",
                  "message": "Service_Template_Provisioning completed",
                  "miq_request_id": "14",
                  "miq_request_task_id": "18",
                  "options": Object {
                    "cart_state": "ordered",
                    "delivered_on": "2018-01-30T21:12:34.808Z",
                    "progress": Object {
                      "current_description": "Initiate Disks Sysprep",
                      "current_state": "/State5/State3",
                      "percent": 61.362500000000026,
                      "states": Object {},
                    },
                    "src_id": "6",
                  },
                  "phase": null,
                  "phase_context": Object {},
                  "request_type": "clone_to_service",
                  "source_id": "6",
                  "source_type": "VmOrTemplate",
                  "state": "active",
                  "status": "Ok",
                  "tenant_id": "1",
                  "type": "ServiceTemplateTransformationPlanTask",
                  "updated_on": "2018-01-19T21:44:27Z",
                  "userid": "admin",
                },
                Object {
                  "created_on": "2018-01-19T21:16:01Z",
                  "description": "Provisioning [vmmigrate] for Service [vmmigrate]",
                  "destination_id": null,
                  "destination_type": null,
                  "href": "http://localhost:3000/api/request_tasks/19",
                  "id": "19",
                  "message": "Service_Template_Provisioning completed",
                  "miq_request_id": "14",
                  "miq_request_task_id": "18",
                  "options": Object {
                    "cart_state": "ordered",
                    "delivered_on": "2018-01-30T21:12:34.808Z",
                    "progress": Object {
                      "current_description": "Initiate Disks Sysprep",
                      "current_state": "/State5/State3",
                      "percent": 61.362500000000026,
                      "states": Object {},
                    },
                    "src_id": "6",
                  },
                  "phase": null,
                  "phase_context": Object {},
                  "request_type": "clone_to_service",
                  "source_id": "6",
                  "source_type": "VmOrTemplate",
                  "state": "active",
                  "status": "Ok",
                  "tenant_id": "1",
                  "type": "ServiceTemplateTransformationPlanTask",
                  "updated_on": "2018-01-19T21:44:27Z",
                  "userid": "admin",
                },
                Object {
                  "created_on": "2018-01-19T21:16:01Z",
                  "description": "Provisioning [vmmigrate] for Service [vmmigrate]",
                  "destination_id": null,
                  "destination_type": null,
                  "href": "http://localhost:3000/api/request_tasks/19",
                  "id": "19",
                  "message": "Service_Template_Provisioning completed",
                  "miq_request_id": "14",
                  "miq_request_task_id": "18",
                  "options": Object {
                    "cart_state": "ordered",
                    "delivered_on": "2018-01-30T21:12:34.808Z",
                    "progress": Object {
                      "current_description": "Initiate Disks Sysprep",
                      "current_state": "/State5/State3",
                      "percent": 61.362500000000026,
                      "states": Object {},
                    },
                    "src_id": "6",
                  },
                  "phase": null,
                  "phase_context": Object {},
                  "request_type": "clone_to_service",
                  "source_id": "6",
                  "source_type": "VmOrTemplate",
                  "state": "active",
                  "status": "Ok",
                  "tenant_id": "1",
                  "type": "ServiceTemplateTransformationPlanTask",
                  "updated_on": "2018-01-19T21:44:27Z",
                  "userid": "admin",
                },
                Object {
                  "created_on": "2018-01-19T21:16:01Z",
                  "description": "Provisioning [vmmigrate] for Service [vmmigrate]",
                  "destination_id": null,
                  "destination_type": null,
                  "href": "http://localhost:3000/api/request_tasks/19",
                  "id": "19",
                  "message": "Service_Template_Provisioning completed",
                  "miq_request_id": "14",
                  "miq_request_task_id": "18",
                  "options": Object {
                    "cart_state": "ordered",
                    "delivered_on": "2018-01-30T21:12:34.808Z",
                    "progress": Object {
                      "current_description": "Initiate Disks Sysprep",
                      "current_state": "/State5/State3",
                      "percent": 61.362500000000026,
                      "states": Object {},
                    },
                    "src_id": "6",
                  },
                  "phase": null,
                  "phase_context": Object {},
                  "request_type": "clone_to_service",
                  "source_id": "6",
                  "source_type": "VmOrTemplate",
                  "state": "active",
                  "status": "Ok",
                  "tenant_id": "1",
                  "type": "ServiceTemplateTransformationPlanTask",
                  "updated_on": "2018-01-19T23:10:27Z",
                  "userid": "admin",
                },
                Object {
                  "created_on": "2018-01-19T21:16:01Z",
                  "description": "Provisioning [vmmigrate] for Service [vmmigrate]",
                  "destination_id": null,
                  "destination_type": null,
                  "href": "http://localhost:3000/api/request_tasks/19",
                  "id": "19",
                  "message": "Service_Template_Provisioning completed",
                  "miq_request_id": "14",
                  "miq_request_task_id": "18",
                  "options": Object {
                    "cart_state": "ordered",
                    "delivered_on": "2018-01-30T21:12:34.808Z",
                    "progress": Object {
                      "current_description": "Initiate Disks Sysprep",
                      "current_state": "/State5/State3",
                      "percent": 61.362500000000026,
                      "states": Object {},
                    },
                    "src_id": "6",
                  },
                  "phase": null,
                  "phase_context": Object {},
                  "request_type": "clone_to_service",
                  "source_id": "6",
                  "source_type": "VmOrTemplate",
                  "state": "active",
                  "status": "Ok",
                  "tenant_id": "1",
                  "type": "ServiceTemplateTransformationPlanTask",
                  "updated_on": "2018-01-19T21:44:27Z",
                  "userid": "admin",
                },
                Object {
                  "created_on": "2018-01-19T21:16:01Z",
                  "description": "Provisioning [vmmigrate] for Service [vmmigrate]",
                  "destination_id": null,
                  "destination_type": null,
                  "href": "http://localhost:3000/api/request_tasks/19",
                  "id": "19",
                  "message": "Service_Template_Provisioning completed",
                  "miq_request_id": "14",
                  "miq_request_task_id": "18",
                  "options": Object {
                    "cart_state": "ordered",
                    "delivered_on": "2018-01-30T21:12:34.808Z",
                    "progress": Object {
                      "current_description": "Initiate Disks Sysprep",
                      "current_state": "/State5/State3",
                      "percent": 61.362500000000026,
                      "states": Object {},
                    },
                    "src_id": "6",
                  },
                  "phase": null,
                  "phase_context": Object {},
                  "request_type": "clone_to_service",
                  "source_id": "6",
                  "source_type": "VmOrTemplate",
                  "state": "active",
                  "status": "Ok",
                  "tenant_id": "1",
                  "type": "ServiceTemplateTransformationPlanTask",
                  "updated_on": "2018-01-19T21:44:27Z",
                  "userid": "admin",
                },
                Object {
                  "created_on": "2018-01-19T21:16:01Z",
                  "description": "Provisioning [vmmigrate] for Service [vmmigrate]",
                  "destination_id": null,
                  "destination_type": null,
                  "href": "http://localhost:3000/api/request_tasks/19",
                  "id": "19",
                  "message": "Service_Template_Provisioning completed",
                  "miq_request_id": "14",
                  "miq_request_task_id": "18",
                  "options": Object {
                    "cart_state": "ordered",
                    "delivered_on": "2018-01-30T21:12:34.808Z",
                    "progress": Object {
                      "current_description": "Initiate Disks Sysprep",
                      "current_state": "/State5/State3",
                      "percent": 61.362500000000026,
                      "states": Object {},
                    },
                    "src_id": "6",
                  },
                  "phase": null,
                  "phase_context": Object {},
                  "request_type": "clone_to_service",
                  "source_id": "6",
                  "source_type": "VmOrTemplate",
                  "state": "active",
                  "status": "Ok",
                  "tenant_id": "1",
                  "type": "ServiceTemplateTransformationPlanTask",
                  "updated_on": "2018-01-19T21:44:27Z",
                  "userid": "admin",
                },
                Object {
                  "created_on": "2018-01-19T21:16:01Z",
                  "description": "Provisioning [vmmigrate] for Service [vmmigrate]",
                  "destination_id": null,
                  "destination_type": null,
                  "href": "http://localhost:3000/api/request_tasks/19",
                  "id": "19",
                  "message": "Service_Template_Provisioning completed",
                  "miq_request_id": "14",
                  "miq_request_task_id": "18",
                  "options": Object {
                    "cart_state": "ordered",
                    "delivered_on": "2018-01-30T21:12:34.808Z",
                    "progress": Object {
                      "current_description": "Initiate Disks Sysprep",
                      "current_state": "/State5/State3",
                      "percent": 61.362500000000026,
                      "states": Object {},
                    },
                    "src_id": "6",
                  },
                  "phase": null,
                  "phase_context": Object {},
                  "request_type": "clone_to_service",
                  "source_id": "6",
                  "source_type": "VmOrTemplate",
                  "state": "active",
                  "status": "Ok",
                  "tenant_id": "1",
                  "type": "ServiceTemplateTransformationPlanTask",
                  "updated_on": "2018-01-19T21:44:27Z",
                  "userid": "admin",
                },
                Object {
                  "created_on": "2018-01-19T21:16:01Z",
                  "description": "Provisioning [vmmigrate] for Service [vmmigrate]",
                  "destination_id": null,
                  "destination_type": null,
                  "href": "http://localhost:3000/api/request_tasks/19",
                  "id": "19",
                  "message": "Service_Template_Provisioning completed",
                  "miq_request_id": "14",
                  "miq_request_task_id": "18",
                  "options": Object {
                    "cart_state": "ordered",
                    "delivered_on": "2018-01-30T21:12:34.808Z",
                    "progress": Object {
                      "current_description": "Initiate Disks Sysprep",
                      "current_state": "/State5/State3",
                      "percent": 61.362500000000026,
                      "states": Object {},
                    },
                    "src_id": "6",
                  },
                  "phase": null,
                  "phase_context": Object {},
                  "request_type": "clone_to_service",
                  "source_id": "6",
                  "source_type": "VmOrTemplate",
                  "state": "active",
                  "status": "Ok",
                  "tenant_id": "1",
                  "type": "ServiceTemplateTransformationPlanTask",
                  "updated_on": "2018-01-19T21:44:27Z",
                  "userid": "admin",
                },
              ],
              "options": Object {
                "cart_state": "ordered",
                "delivered_on": "2018-01-19T21:16:00.967Z",
                "initiator": null,
                "requester_group": "EvmGroup-super_administrator",
                "src_id": "4",
                "user_message": "[EVM] Service [vmmigrate] Provisioned Successfully",
              },
              "state": "active",
              "status": "Ok",
            }
          }
        />
      </Row>
    </Grid>
  </div>
</div>
`;
