// Jest Snapshot v1, https://goo.gl/fbAQLP

exports[`Overview integration test should mount the Overview with mapStateToProps reduced 1`] = `
Object {
  "continueToPlanAction": [Function],
  "fetchTransformationMappingsAction": [Function],
  "fetchTransformationMappingsUrl": "/api/dummyMappings",
  "fetchTransformationPlanRequestsAction": [Function],
  "fetchTransformationPlanRequestsUrl": "/api/dummyPlanRequests",
  "fetchTransformationPlansAction": [Function],
  "fetchTransformationPlansUrl": "/api/dummyTransformationPlans",
  "hideMappingWizard": false,
  "hidePlanWizard": false,
  "isFetchingTransformationMappings": true,
  "isFetchingTransformationPlanRequests": true,
  "isFetchingTransformationPlans": true,
  "isRejectedTransformationMappings": false,
  "mappingWizardVisible": false,
  "planWizardVisible": false,
  "showMappingWizardAction": [Function],
  "showPlanWizardAction": [Function],
  "transformationMappings": Array [],
}
`;
